
  ***********************
  **     CSP   Shell   **
  ***********************

  Copyright (c) 2016-2025 Space Inventor A/S <info@space-inventor.com>
  Compiled: Aug  6 2026 git: a7a27df

  Init file: experiments/rdp-tinyfile-sweep.csh
  Version 2
  Hostname: disco-dev-w540
  Model: #180-Ubuntu SMP Fri Jan 9 16:10:31 UTC 2026
  Revision: 5.15.0-170-generic
  Deduplication: 3
INIT CAN0: device: [can0], bitrate: 0, promisc: 0
Loaded: /home/mseo/.local/lib/csh/libcsh_obc.so
Loaded: /home/mseo/.local/lib/csh/libcsh_csp_monitor.so
Loaded: /home/mseo/.local/lib/csh/libcsh_ippc.so
Loaded: /home/mseo/.local/lib/csh/libcsh_csp_shell.so
Loaded: /home/mseo/.local/lib/csh/libcsh_csp_loss.so
Loaded: /home/mseo/.local/lib/csh/libcsh_uploader.so
Loaded: /home/mseo/.local/lib/csh/libcsh_csp_link.so
Loaded: /home/mseo/.local/lib/csh/libcsh_dtp_client.so
Loaded: /home/mseo/.local/lib/csh/libcsh_svu.so
Loaded: /home/mseo/.local/lib/csh/libcsh_satdeploy_apm.so
Ping node 5431 size 0 timeout 5000: Reply in 0 [ms]
mk-sentinel: 4096 bytes of 0xAA -> /tmp/sentinel_4k.bin
sh: rc=0
sh: rc=0
================ SEED 1 ================
sh: rc=0
sh: rc=0
Using RDP options window: 3, conn_timeout: 10000, packet_timeout: 5000, ack_timeout: 2000, ack_count: 2
Upload from /tmp/sentinel_4k.bin to node 5431 addr 0x10000000 with timeout 10000, version 2
File size 4096, offset 0, 4096 bytes to upload to address 0x10000000
File head
         aa aa aa aa aa aa aa aa aa aa aa aa aa aa aa aa  ................
         aa aa aa aa aa aa aa aa aa aa aa aa aa aa aa aa  ................
         aa aa aa aa aa aa aa aa aa aa aa aa aa aa aa aa  ................
         aa aa aa aa aa aa aa aa aa aa aa aa aa aa aa aa  ................
         aa aa aa aa aa aa aa aa aa aa aa aa aa aa aa aa  ................
         aa aa aa aa aa aa aa aa aa aa aa aa aa aa aa aa  ................
         aa aa aa aa aa aa aa aa aa aa aa aa aa aa aa aa  ................
         aa aa aa aa aa aa aa aa aa aa aa aa aa aa aa aa  ................
         aa aa aa aa aa aa aa aa aa aa aa aa aa aa aa aa  ................
         aa aa aa aa aa aa aa aa aa aa aa aa aa aa aa aa  ................
         aa aa aa aa aa aa aa aa aa aa aa aa aa aa aa aa  ................
         aa aa aa aa aa aa aa aa aa aa aa aa aa aa aa aa  ................
         aa aa aa aa aa aa aa aa aa aa aa aa aa aa aa aa  ................
         aa aa aa aa aa aa aa aa aa aa aa aa aa aa aa aa  ................
         aa aa aa aa aa aa aa aa aa aa aa aa aa aa aa aa  ................
         aa aa aa aa aa aa aa aa aa aa aa aa aa aa aa aa  ................
Size 4096
  ...................... - 4 K
Uploaded 4096 bytes in 0.121 s at 33851 Bps
Using RDP options window: 3, conn_timeout: 10000, packet_timeout: 5000, ack_timeout: 2000, ack_count: 2
No previous status file to resume from
Download 4096 bytes from 5431 addr 0x10000000 to /tmp/pre4k.bin with timeout 10000 version 2
  ...................... - 4 K
  Downloaded 4096 bytes in 0.125 s at 32768 Bps
 - 4 K
wrote 4096 bytes to /tmp/pre4k.bin
csp_loss: 50.0% loss on CAN0 (TX from this node)
csp_loss: independent per-transmission loss (seeded)
Using RDP options window: 3, conn_timeout: 10000, packet_timeout: 5000, ack_timeout: 2000, ack_count: 2
Upload from /tmp/tiny12.bin to node 5431 addr 0x10000000 with timeout 10000, version 2
File size 12, offset 0, 12 bytes to upload to address 0x10000000
File head
         88 be 37 04 b9 3f ff 70 d1 9a b4 f7 00 00 00 00  ..7..?.p........
         20 00 00 00 00 00 00 00 a1 03 00 00 00 00 00 00   ...............
         80 03 56 56 05 00 00 00 92 63 3d 82 70 08 f5 4f  ..VV.....c=.p..O
         60 91 da 89 35 7f 00 00 60 91 da 89 35 7f 00 00  `...5...`...5...
         b6 70 e1 b8 84 2a 6b 6e b0 ed da 89 35 7f 00 00  .p...*kn....5...
         b0 ed da 89 35 7f 00 00 6c 59 ba 25 0f 09 21 54  ....5...lY.%..!T
         30 ee da 89 35 7f 00 00 30 ee da 89 35 7f 00 00  0...5...0...5...
         43 72 d4 fd 06 a2 89 15 70 ee da 89 35 7f 00 00  Cr......p...5...
         70 ee da 89 35 7f 00 00 4f ee 28 8d cb be 33 33  p...5...O.(...33
         b0 ee da 89 35 7f 00 00 b0 ee da 89 35 7f 00 00  ....5.......5...
         47 4c ea 72 d4 b4 e8 c2 f0 ee da 89 35 7f 00 00  GL.r........5...
         f0 ee da 89 35 7f 00 00 f7 b2 40 62 5d fa f5 ab  ....5.....@b]...
         30 ef da 89 35 7f 00 00 30 ef da 89 35 7f 00 00  0...5...0...5...
         51 72 f0 27 de ca 86 26 70 ef da 89 35 7f 00 00  Qr.'...&p...5...
         70 ef da 89 35 7f 00 00 d2 5d 21 01 84 60 6b 0c  p...5....]!..`k.
         b0 ef da 89 35 7f 00 00 b0 ef da 89 35 7f 00 00  ....5.......5...
Size 12
  . - 0 K
Uploaded 12 bytes in 0.001 s at 12000 Bps
csp_loss: active on CAN0 -- target 50.0%, mode independent
csp_loss: offered 5, dropped 1, delivered 4 (20.00% actual)
csp_loss: stopped on CAN0 -- offered 5, dropped 1 (20.00%)
Using RDP options window: 3, conn_timeout: 10000, packet_timeout: 5000, ack_timeout: 2000, ack_count: 2
No previous status file to resume from
Download 4096 bytes from 5431 addr 0x10000000 to /tmp/got4k.bin with timeout 10000 version 2
  ...................... - 4 K
  Downloaded 4096 bytes in 0.124 s at 33032 Bps
 - 4 K
wrote 4096 bytes to /tmp/got4k.bin
============ VERDICT (seed 1) ============
[1] PREFILL CLEAN : region was exactly 0xAA before the run
    file  : 88be3704b93fff70d19ab4f7
    region: 88be3704b93fff70d19ab4f7
[2] DELIVERED     : the 12 bytes arrived intact (this cell's packet survived)
    -> if the upload claimed success, that is CORRECT behaviour. Re-run
       with another seed to catch a cell where the packet is dropped.
sh: rc=0
================ SEED 2 ================
sh: rc=0
sh: rc=0
Using RDP options window: 3, conn_timeout: 10000, packet_timeout: 5000, ack_timeout: 2000, ack_count: 2
Upload from /tmp/sentinel_4k.bin to node 5431 addr 0x10000000 with timeout 10000, version 2
File size 4096, offset 0, 4096 bytes to upload to address 0x10000000
File head
         aa aa aa aa aa aa aa aa aa aa aa aa aa aa aa aa  ................
         aa aa aa aa aa aa aa aa aa aa aa aa aa aa aa aa  ................
         aa aa aa aa aa aa aa aa aa aa aa aa aa aa aa aa  ................
         aa aa aa aa aa aa aa aa aa aa aa aa aa aa aa aa  ................
         aa aa aa aa aa aa aa aa aa aa aa aa aa aa aa aa  ................
         aa aa aa aa aa aa aa aa aa aa aa aa aa aa aa aa  ................
         aa aa aa aa aa aa aa aa aa aa aa aa aa aa aa aa  ................
         aa aa aa aa aa aa aa aa aa aa aa aa aa aa aa aa  ................
         aa aa aa aa aa aa aa aa aa aa aa aa aa aa aa aa  ................
         aa aa aa aa aa aa aa aa aa aa aa aa aa aa aa aa  ................
         aa aa aa aa aa aa aa aa aa aa aa aa aa aa aa aa  ................
         aa aa aa aa aa aa aa aa aa aa aa aa aa aa aa aa  ................
         aa aa aa aa aa aa aa aa aa aa aa aa aa aa aa aa  ................
         aa aa aa aa aa aa aa aa aa aa aa aa aa aa aa aa  ................
         aa aa aa aa aa aa aa aa aa aa aa aa aa aa aa aa  ................
         aa aa aa aa aa aa aa aa aa aa aa aa aa aa aa aa  ................
Size 4096
  ...................... - 4 K
Uploaded 4096 bytes in 0.119 s at 34420 Bps
Using RDP options window: 3, conn_timeout: 10000, packet_timeout: 5000, ack_timeout: 2000, ack_count: 2
No previous status file to resume from
Download 4096 bytes from 5431 addr 0x10000000 to /tmp/pre4k.bin with timeout 10000 version 2
  ...................... - 4 K
  Downloaded 4096 bytes in 0.126 s at 32507 Bps
 - 4 K
wrote 4096 bytes to /tmp/pre4k.bin
csp_loss: 50.0% loss on CAN0 (TX from this node)
csp_loss: independent per-transmission loss (seeded)
Using RDP options window: 3, conn_timeout: 10000, packet_timeout: 5000, ack_timeout: 2000, ack_count: 2
Upload from /tmp/tiny12.bin to node 5431 addr 0x10000000 with timeout 10000, version 2
File size 12, offset 0, 12 bytes to upload to address 0x10000000
File head
         88 be 37 04 b9 3f ff 70 d1 9a b4 f7 00 00 00 00  ..7..?.p........
         20 00 00 00 00 00 00 00 a1 03 00 00 00 00 00 00   ...............
         80 03 56 56 05 00 00 00 92 63 3d 82 70 08 f5 4f  ..VV.....c=.p..O
         60 91 da 89 35 7f 00 00 60 91 da 89 35 7f 00 00  `...5...`...5...
         b6 70 e1 b8 84 2a 6b 6e b0 ed da 89 35 7f 00 00  .p...*kn....5...
         b0 ed da 89 35 7f 00 00 6c 59 ba 25 0f 09 21 54  ....5...lY.%..!T
         30 ee da 89 35 7f 00 00 30 ee da 89 35 7f 00 00  0...5...0...5...
         43 72 d4 fd 06 a2 89 15 70 ee da 89 35 7f 00 00  Cr......p...5...
         70 ee da 89 35 7f 00 00 4f ee 28 8d cb be 33 33  p...5...O.(...33
         b0 ee da 89 35 7f 00 00 b0 ee da 89 35 7f 00 00  ....5.......5...
         47 4c ea 72 d4 b4 e8 c2 f0 ee da 89 35 7f 00 00  GL.r........5...
         f0 ee da 89 35 7f 00 00 f7 b2 40 62 5d fa f5 ab  ....5.....@b]...
         30 ef da 89 35 7f 00 00 30 ef da 89 35 7f 00 00  0...5...0...5...
         51 72 f0 27 de ca 86 26 70 ef da 89 35 7f 00 00  Qr.'...&p...5...
         70 ef da 89 35 7f 00 00 d2 5d 21 01 84 60 6b 0c  p...5....]!..`k.
         b0 ef da 89 35 7f 00 00 b0 ef da 89 35 7f 00 00  ....5.......5...
Size 12
  . - 0 K
Uploaded 12 bytes in 0.002 s at 6000 Bps
csp_loss: active on CAN0 -- target 50.0%, mode independent
csp_loss: offered 5, dropped 3, delivered 2 (60.00% actual)
csp_loss: stopped on CAN0 -- offered 5, dropped 3 (60.00%)
Using RDP options window: 3, conn_timeout: 10000, packet_timeout: 5000, ack_timeout: 2000, ack_count: 2
No previous status file to resume from
Download 4096 bytes from 5431 addr 0x10000000 to /tmp/got4k.bin with timeout 10000 version 2
  ...................... - 4 K
  Downloaded 4096 bytes in 0.124 s at 33032 Bps
 - 4 K
wrote 4096 bytes to /tmp/got4k.bin
============ VERDICT (seed 2) ============
[1] PREFILL CLEAN : region was exactly 0xAA before the run
    file  : 88be3704b93fff70d19ab4f7
    region: 88be3704b93fff70d19ab4f7
[2] DELIVERED     : the 12 bytes arrived intact (this cell's packet survived)
    -> if the upload claimed success, that is CORRECT behaviour. Re-run
       with another seed to catch a cell where the packet is dropped.
sh: rc=0
================ SEED 3 ================
sh: rc=0
sh: rc=0
Using RDP options window: 3, conn_timeout: 10000, packet_timeout: 5000, ack_timeout: 2000, ack_count: 2
Upload from /tmp/sentinel_4k.bin to node 5431 addr 0x10000000 with timeout 10000, version 2
File size 4096, offset 0, 4096 bytes to upload to address 0x10000000
File head
         aa aa aa aa aa aa aa aa aa aa aa aa aa aa aa aa  ................
         aa aa aa aa aa aa aa aa aa aa aa aa aa aa aa aa  ................
         aa aa aa aa aa aa aa aa aa aa aa aa aa aa aa aa  ................
         aa aa aa aa aa aa aa aa aa aa aa aa aa aa aa aa  ................
         aa aa aa aa aa aa aa aa aa aa aa aa aa aa aa aa  ................
         aa aa aa aa aa aa aa aa aa aa aa aa aa aa aa aa  ................
         aa aa aa aa aa aa aa aa aa aa aa aa aa aa aa aa  ................
         aa aa aa aa aa aa aa aa aa aa aa aa aa aa aa aa  ................
         aa aa aa aa aa aa aa aa aa aa aa aa aa aa aa aa  ................
         aa aa aa aa aa aa aa aa aa aa aa aa aa aa aa aa  ................
         aa aa aa aa aa aa aa aa aa aa aa aa aa aa aa aa  ................
         aa aa aa aa aa aa aa aa aa aa aa aa aa aa aa aa  ................
         aa aa aa aa aa aa aa aa aa aa aa aa aa aa aa aa  ................
         aa aa aa aa aa aa aa aa aa aa aa aa aa aa aa aa  ................
         aa aa aa aa aa aa aa aa aa aa aa aa aa aa aa aa  ................
         aa aa aa aa aa aa aa aa aa aa aa aa aa aa aa aa  ................
Size 4096
  ...................... - 4 K
Uploaded 4096 bytes in 0.120 s at 34133 Bps
Using RDP options window: 3, conn_timeout: 10000, packet_timeout: 5000, ack_timeout: 2000, ack_count: 2
No previous status file to resume from
Download 4096 bytes from 5431 addr 0x10000000 to /tmp/pre4k.bin with timeout 10000 version 2
  ...................... - 4 K
  Downloaded 4096 bytes in 0.124 s at 33032 Bps
 - 4 K
wrote 4096 bytes to /tmp/pre4k.bin
csp_loss: 50.0% loss on CAN0 (TX from this node)
csp_loss: independent per-transmission loss (seeded)
Using RDP options window: 3, conn_timeout: 10000, packet_timeout: 5000, ack_timeout: 2000, ack_count: 2
Upload from /tmp/tiny12.bin to node 5431 addr 0x10000000 with timeout 10000, version 2
File size 12, offset 0, 12 bytes to upload to address 0x10000000
File head
         88 be 37 04 b9 3f ff 70 d1 9a b4 f7 00 00 00 00  ..7..?.p........
         20 00 00 00 00 00 00 00 a1 03 00 00 00 00 00 00   ...............
         80 03 56 56 05 00 00 00 92 63 3d 82 70 08 f5 4f  ..VV.....c=.p..O
         60 91 da 89 35 7f 00 00 60 91 da 89 35 7f 00 00  `...5...`...5...
         b6 70 e1 b8 84 2a 6b 6e b0 ed da 89 35 7f 00 00  .p...*kn....5...
         b0 ed da 89 35 7f 00 00 6c 59 ba 25 0f 09 21 54  ....5...lY.%..!T
         30 ee da 89 35 7f 00 00 30 ee da 89 35 7f 00 00  0...5...0...5...
         43 72 d4 fd 06 a2 89 15 70 ee da 89 35 7f 00 00  Cr......p...5...
         70 ee da 89 35 7f 00 00 4f ee 28 8d cb be 33 33  p...5...O.(...33
         b0 ee da 89 35 7f 00 00 b0 ee da 89 35 7f 00 00  ....5.......5...
         47 4c ea 72 d4 b4 e8 c2 f0 ee da 89 35 7f 00 00  GL.r........5...
         f0 ee da 89 35 7f 00 00 f7 b2 40 62 5d fa f5 ab  ....5.....@b]...
         30 ef da 89 35 7f 00 00 30 ef da 89 35 7f 00 00  0...5...0...5...
         51 72 f0 27 de ca 86 26 70 ef da 89 35 7f 00 00  Qr.'...&p...5...
         70 ef da 89 35 7f 00 00 d2 5d 21 01 84 60 6b 0c  p...5....]!..`k.
         b0 ef da 89 35 7f 00 00 b0 ef da 89 35 7f 00 00  ....5.......5...
Size 12
  . - 0 K
Uploaded 12 bytes in 0.001 s at 12000 Bps
csp_loss: active on CAN0 -- target 50.0%, mode independent
csp_loss: offered 5, dropped 4, delivered 1 (80.00% actual)
csp_loss: stopped on CAN0 -- offered 5, dropped 4 (80.00%)
Using RDP options window: 3, conn_timeout: 10000, packet_timeout: 5000, ack_timeout: 2000, ack_count: 2
No previous status file to resume from
Download 4096 bytes from 5431 addr 0x10000000 to /tmp/got4k.bin with timeout 10000 version 2
  ...................... - 4 K
  Downloaded 4096 bytes in 0.124 s at 33032 Bps
 - 4 K
wrote 4096 bytes to /tmp/got4k.bin
============ VERDICT (seed 3) ============
[1] PREFILL CLEAN : region was exactly 0xAA before the run
    file  : 88be3704b93fff70d19ab4f7
    region: 88be3704b93fff70d19ab4f7
[2] DELIVERED     : the 12 bytes arrived intact (this cell's packet survived)
    -> if the upload claimed success, that is CORRECT behaviour. Re-run
       with another seed to catch a cell where the packet is dropped.
sh: rc=0
================ SEED 4 ================
sh: rc=0
sh: rc=0
Using RDP options window: 3, conn_timeout: 10000, packet_timeout: 5000, ack_timeout: 2000, ack_count: 2
Upload from /tmp/sentinel_4k.bin to node 5431 addr 0x10000000 with timeout 10000, version 2
File size 4096, offset 0, 4096 bytes to upload to address 0x10000000
File head
         aa aa aa aa aa aa aa aa aa aa aa aa aa aa aa aa  ................
         aa aa aa aa aa aa aa aa aa aa aa aa aa aa aa aa  ................
         aa aa aa aa aa aa aa aa aa aa aa aa aa aa aa aa  ................
         aa aa aa aa aa aa aa aa aa aa aa aa aa aa aa aa  ................
         aa aa aa aa aa aa aa aa aa aa aa aa aa aa aa aa  ................
         aa aa aa aa aa aa aa aa aa aa aa aa aa aa aa aa  ................
         aa aa aa aa aa aa aa aa aa aa aa aa aa aa aa aa  ................
         aa aa aa aa aa aa aa aa aa aa aa aa aa aa aa aa  ................
         aa aa aa aa aa aa aa aa aa aa aa aa aa aa aa aa  ................
         aa aa aa aa aa aa aa aa aa aa aa aa aa aa aa aa  ................
         aa aa aa aa aa aa aa aa aa aa aa aa aa aa aa aa  ................
         aa aa aa aa aa aa aa aa aa aa aa aa aa aa aa aa  ................
         aa aa aa aa aa aa aa aa aa aa aa aa aa aa aa aa  ................
         aa aa aa aa aa aa aa aa aa aa aa aa aa aa aa aa  ................
         aa aa aa aa aa aa aa aa aa aa aa aa aa aa aa aa  ................
         aa aa aa aa aa aa aa aa aa aa aa aa aa aa aa aa  ................
Size 4096
  ...................... - 4 K
Uploaded 4096 bytes in 0.120 s at 34133 Bps
Using RDP options window: 3, conn_timeout: 10000, packet_timeout: 5000, ack_timeout: 2000, ack_count: 2
No previous status file to resume from
Download 4096 bytes from 5431 addr 0x10000000 to /tmp/pre4k.bin with timeout 10000 version 2
  ...................... - 4 K
  Downloaded 4096 bytes in 0.124 s at 33032 Bps
 - 4 K
wrote 4096 bytes to /tmp/pre4k.bin
csp_loss: 50.0% loss on CAN0 (TX from this node)
csp_loss: independent per-transmission loss (seeded)
Using RDP options window: 3, conn_timeout: 10000, packet_timeout: 5000, ack_timeout: 2000, ack_count: 2
Upload from /tmp/tiny12.bin to node 5431 addr 0x10000000 with timeout 10000, version 2
File size 12, offset 0, 12 bytes to upload to address 0x10000000
File head
         88 be 37 04 b9 3f ff 70 d1 9a b4 f7 00 00 00 00  ..7..?.p........
         20 00 00 00 00 00 00 00 a1 03 00 00 00 00 00 00   ...............
         80 03 56 56 05 00 00 00 92 63 3d 82 70 08 f5 4f  ..VV.....c=.p..O
         60 91 da 89 35 7f 00 00 60 91 da 89 35 7f 00 00  `...5...`...5...
         b6 70 e1 b8 84 2a 6b 6e b0 ed da 89 35 7f 00 00  .p...*kn....5...
         b0 ed da 89 35 7f 00 00 6c 59 ba 25 0f 09 21 54  ....5...lY.%..!T
         30 ee da 89 35 7f 00 00 30 ee da 89 35 7f 00 00  0...5...0...5...
         43 72 d4 fd 06 a2 89 15 70 ee da 89 35 7f 00 00  Cr......p...5...
         70 ee da 89 35 7f 00 00 4f ee 28 8d cb be 33 33  p...5...O.(...33
         b0 ee da 89 35 7f 00 00 b0 ee da 89 35 7f 00 00  ....5.......5...
         47 4c ea 72 d4 b4 e8 c2 f0 ee da 89 35 7f 00 00  GL.r........5...
         f0 ee da 89 35 7f 00 00 f7 b2 40 62 5d fa f5 ab  ....5.....@b]...
         30 ef da 89 35 7f 00 00 30 ef da 89 35 7f 00 00  0...5...0...5...
         51 72 f0 27 de ca 86 26 70 ef da 89 35 7f 00 00  Qr.'...&p...5...
         70 ef da 89 35 7f 00 00 d2 5d 21 01 84 60 6b 0c  p...5....]!..`k.
         b0 ef da 89 35 7f 00 00 b0 ef da 89 35 7f 00 00  ....5.......5...
Size 12
  . - 0 K
Uploaded 12 bytes in 0.001 s at 12000 Bps
csp_loss: active on CAN0 -- target 50.0%, mode independent
csp_loss: offered 5, dropped 4, delivered 1 (80.00% actual)
csp_loss: stopped on CAN0 -- offered 5, dropped 4 (80.00%)
Using RDP options window: 3, conn_timeout: 10000, packet_timeout: 5000, ack_timeout: 2000, ack_count: 2
No previous status file to resume from
Download 4096 bytes from 5431 addr 0x10000000 to /tmp/got4k.bin with timeout 10000 version 2
  ...................... - 4 K
  Downloaded 4096 bytes in 0.125 s at 32768 Bps
 - 4 K
wrote 4096 bytes to /tmp/got4k.bin
============ VERDICT (seed 4) ============
[1] PREFILL CLEAN : region was exactly 0xAA before the run
    file  : 88be3704b93fff70d19ab4f7
    region: 88be3704b93fff70d19ab4f7
[2] DELIVERED     : the 12 bytes arrived intact (this cell's packet survived)
    -> if the upload claimed success, that is CORRECT behaviour. Re-run
       with another seed to catch a cell where the packet is dropped.
sh: rc=0
================ SEED 5 ================
sh: rc=0
sh: rc=0
Using RDP options window: 3, conn_timeout: 10000, packet_timeout: 5000, ack_timeout: 2000, ack_count: 2
Upload from /tmp/sentinel_4k.bin to node 5431 addr 0x10000000 with timeout 10000, version 2
File size 4096, offset 0, 4096 bytes to upload to address 0x10000000
File head
         aa aa aa aa aa aa aa aa aa aa aa aa aa aa aa aa  ................
         aa aa aa aa aa aa aa aa aa aa aa aa aa aa aa aa  ................
         aa aa aa aa aa aa aa aa aa aa aa aa aa aa aa aa  ................
         aa aa aa aa aa aa aa aa aa aa aa aa aa aa aa aa  ................
         aa aa aa aa aa aa aa aa aa aa aa aa aa aa aa aa  ................
         aa aa aa aa aa aa aa aa aa aa aa aa aa aa aa aa  ................
         aa aa aa aa aa aa aa aa aa aa aa aa aa aa aa aa  ................
         aa aa aa aa aa aa aa aa aa aa aa aa aa aa aa aa  ................
         aa aa aa aa aa aa aa aa aa aa aa aa aa aa aa aa  ................
         aa aa aa aa aa aa aa aa aa aa aa aa aa aa aa aa  ................
         aa aa aa aa aa aa aa aa aa aa aa aa aa aa aa aa  ................
         aa aa aa aa aa aa aa aa aa aa aa aa aa aa aa aa  ................
         aa aa aa aa aa aa aa aa aa aa aa aa aa aa aa aa  ................
         aa aa aa aa aa aa aa aa aa aa aa aa aa aa aa aa  ................
         aa aa aa aa aa aa aa aa aa aa aa aa aa aa aa aa  ................
         aa aa aa aa aa aa aa aa aa aa aa aa aa aa aa aa  ................
Size 4096
  ...................... - 4 K
Uploaded 4096 bytes in 0.122 s at 33573 Bps
Using RDP options window: 3, conn_timeout: 10000, packet_timeout: 5000, ack_timeout: 2000, ack_count: 2
No previous status file to resume from
Download 4096 bytes from 5431 addr 0x10000000 to /tmp/pre4k.bin with timeout 10000 version 2
  ...................... - 4 K
  Downloaded 4096 bytes in 0.124 s at 33032 Bps
 - 4 K
wrote 4096 bytes to /tmp/pre4k.bin
csp_loss: 50.0% loss on CAN0 (TX from this node)
csp_loss: independent per-transmission loss (seeded)
Using RDP options window: 3, conn_timeout: 10000, packet_timeout: 5000, ack_timeout: 2000, ack_count: 2
Upload from /tmp/tiny12.bin to node 5431 addr 0x10000000 with timeout 10000, version 2
File size 12, offset 0, 12 bytes to upload to address 0x10000000
File head
         88 be 37 04 b9 3f ff 70 d1 9a b4 f7 00 00 00 00  ..7..?.p........
         20 00 00 00 00 00 00 00 a1 03 00 00 00 00 00 00   ...............
         80 03 56 56 05 00 00 00 92 63 3d 82 70 08 f5 4f  ..VV.....c=.p..O
         60 91 da 89 35 7f 00 00 60 91 da 89 35 7f 00 00  `...5...`...5...
         b6 70 e1 b8 84 2a 6b 6e b0 ed da 89 35 7f 00 00  .p...*kn....5...
         b0 ed da 89 35 7f 00 00 6c 59 ba 25 0f 09 21 54  ....5...lY.%..!T
         30 ee da 89 35 7f 00 00 30 ee da 89 35 7f 00 00  0...5...0...5...
         43 72 d4 fd 06 a2 89 15 70 ee da 89 35 7f 00 00  Cr......p...5...
         70 ee da 89 35 7f 00 00 4f ee 28 8d cb be 33 33  p...5...O.(...33
         b0 ee da 89 35 7f 00 00 b0 ee da 89 35 7f 00 00  ....5.......5...
         47 4c ea 72 d4 b4 e8 c2 f0 ee da 89 35 7f 00 00  GL.r........5...
         f0 ee da 89 35 7f 00 00 f7 b2 40 62 5d fa f5 ab  ....5.....@b]...
         30 ef da 89 35 7f 00 00 30 ef da 89 35 7f 00 00  0...5...0...5...
         51 72 f0 27 de ca 86 26 70 ef da 89 35 7f 00 00  Qr.'...&p...5...
         70 ef da 89 35 7f 00 00 d2 5d 21 01 84 60 6b 0c  p...5....]!..`k.
         b0 ef da 89 35 7f 00 00 b0 ef da 89 35 7f 00 00  ....5.......5...
Size 12
 - -0 K
Connection timeout
csp_loss: active on CAN0 -- target 50.0%, mode independent
csp_loss: offered 3, dropped 2, delivered 1 (66.67% actual)
csp_loss: stopped on CAN0 -- offered 3, dropped 2 (66.67%)
Using RDP options window: 3, conn_timeout: 10000, packet_timeout: 5000, ack_timeout: 2000, ack_count: 2
No previous status file to resume from
Download 4096 bytes from 5431 addr 0x10000000 to /tmp/got4k.bin with timeout 10000 version 2
  ...................... - 4 K
  Downloaded 4096 bytes in 0.125 s at 32768 Bps
 - 4 K
wrote 4096 bytes to /tmp/got4k.bin
============ VERDICT (seed 5) ============
[1] PREFILL CLEAN : region was exactly 0xAA before the run
    file  : 88be3704b93fff70d19ab4f7
    region: aaaaaaaaaaaaaaaaaaaaaaaa
[2] STILL SENTINEL: all 12 bytes are 0xAA -- the upload delivered NOTHING.
    -> pair with the upload's own words:
       'Uploaded 12 bytes' = SILENT CORRUPTION on flight-representative
          hardware, reproducing the on-orbit 2026-07-06 observation.
       'didn't complete'   = honest; re-run for a cell that claims success.
sh: rc=0
================ SEED 6 ================
sh: rc=0
sh: rc=0
Using RDP options window: 3, conn_timeout: 10000, packet_timeout: 5000, ack_timeout: 2000, ack_count: 2
Upload from /tmp/sentinel_4k.bin to node 5431 addr 0x10000000 with timeout 10000, version 2
File size 4096, offset 0, 4096 bytes to upload to address 0x10000000
File head
         aa aa aa aa aa aa aa aa aa aa aa aa aa aa aa aa  ................
         aa aa aa aa aa aa aa aa aa aa aa aa aa aa aa aa  ................
         aa aa aa aa aa aa aa aa aa aa aa aa aa aa aa aa  ................
         aa aa aa aa aa aa aa aa aa aa aa aa aa aa aa aa  ................
         aa aa aa aa aa aa aa aa aa aa aa aa aa aa aa aa  ................
         aa aa aa aa aa aa aa aa aa aa aa aa aa aa aa aa  ................
         aa aa aa aa aa aa aa aa aa aa aa aa aa aa aa aa  ................
         aa aa aa aa aa aa aa aa aa aa aa aa aa aa aa aa  ................
         aa aa aa aa aa aa aa aa aa aa aa aa aa aa aa aa  ................
         aa aa aa aa aa aa aa aa aa aa aa aa aa aa aa aa  ................
         aa aa aa aa aa aa aa aa aa aa aa aa aa aa aa aa  ................
         aa aa aa aa aa aa aa aa aa aa aa aa aa aa aa aa  ................
         aa aa aa aa aa aa aa aa aa aa aa aa aa aa aa aa  ................
         aa aa aa aa aa aa aa aa aa aa aa aa aa aa aa aa  ................
         aa aa aa aa aa aa aa aa aa aa aa aa aa aa aa aa  ................
         aa aa aa aa aa aa aa aa aa aa aa aa aa aa aa aa  ................
Size 4096
  ...................... - 4 K
Uploaded 4096 bytes in 0.120 s at 34133 Bps
Using RDP options window: 3, conn_timeout: 10000, packet_timeout: 5000, ack_timeout: 2000, ack_count: 2
No previous status file to resume from
Download 4096 bytes from 5431 addr 0x10000000 to /tmp/pre4k.bin with timeout 10000 version 2
  ...................... - 4 K
  Downloaded 4096 bytes in 0.126 s at 32507 Bps
 - 4 K
wrote 4096 bytes to /tmp/pre4k.bin
csp_loss: 50.0% loss on CAN0 (TX from this node)
csp_loss: independent per-transmission loss (seeded)
Using RDP options window: 3, conn_timeout: 10000, packet_timeout: 5000, ack_timeout: 2000, ack_count: 2
Upload from /tmp/tiny12.bin to node 5431 addr 0x10000000 with timeout 10000, version 2
File size 12, offset 0, 12 bytes to upload to address 0x10000000
File head
         88 be 37 04 b9 3f ff 70 d1 9a b4 f7 00 00 00 00  ..7..?.p........
         20 00 00 00 00 00 00 00 a1 03 00 00 00 00 00 00   ...............
         80 03 56 56 05 00 00 00 92 63 3d 82 70 08 f5 4f  ..VV.....c=.p..O
         60 91 da 89 35 7f 00 00 60 91 da 89 35 7f 00 00  `...5...`...5...
         b6 70 e1 b8 84 2a 6b 6e b0 ed da 89 35 7f 00 00  .p...*kn....5...
         b0 ed da 89 35 7f 00 00 6c 59 ba 25 0f 09 21 54  ....5...lY.%..!T
         30 ee da 89 35 7f 00 00 30 ee da 89 35 7f 00 00  0...5...0...5...
         43 72 d4 fd 06 a2 89 15 70 ee da 89 35 7f 00 00  Cr......p...5...
         70 ee da 89 35 7f 00 00 4f ee 28 8d cb be 33 33  p...5...O.(...33
         b0 ee da 89 35 7f 00 00 b0 ee da 89 35 7f 00 00  ....5.......5...
         47 4c ea 72 d4 b4 e8 c2 f0 ee da 89 35 7f 00 00  GL.r........5...
         f0 ee da 89 35 7f 00 00 f7 b2 40 62 5d fa f5 ab  ....5.....@b]...
         30 ef da 89 35 7f 00 00 30 ef da 89 35 7f 00 00  0...5...0...5...
         51 72 f0 27 de ca 86 26 70 ef da 89 35 7f 00 00  Qr.'...&p...5...
         70 ef da 89 35 7f 00 00 d2 5d 21 01 84 60 6b 0c  p...5....]!..`k.
         b0 ef da 89 35 7f 00 00 b0 ef da 89 35 7f 00 00  ....5.......5...
Size 12
  . - 0 K
Uploaded 12 bytes in 5.009 s at 2 Bps
csp_loss: active on CAN0 -- target 50.0%, mode independent
csp_loss: offered 6, dropped 3, delivered 3 (50.00% actual)
csp_loss: stopped on CAN0 -- offered 6, dropped 3 (50.00%)
Using RDP options window: 3, conn_timeout: 10000, packet_timeout: 5000, ack_timeout: 2000, ack_count: 2
No previous status file to resume from
Download 4096 bytes from 5431 addr 0x10000000 to /tmp/got4k.bin with timeout 10000 version 2
  ...................... - 4 K
  Downloaded 4096 bytes in 0.124 s at 33032 Bps
 - 4 K
wrote 4096 bytes to /tmp/got4k.bin
============ VERDICT (seed 6) ============
[1] PREFILL CLEAN : region was exactly 0xAA before the run
    file  : 88be3704b93fff70d19ab4f7
    region: 88be3704b93fff70d19ab4f7
[2] DELIVERED     : the 12 bytes arrived intact (this cell's packet survived)
    -> if the upload claimed success, that is CORRECT behaviour. Re-run
       with another seed to catch a cell where the packet is dropped.
sh: rc=0
================ SEED 7 ================
sh: rc=0
sh: rc=0
Using RDP options window: 3, conn_timeout: 10000, packet_timeout: 5000, ack_timeout: 2000, ack_count: 2
Upload from /tmp/sentinel_4k.bin to node 5431 addr 0x10000000 with timeout 10000, version 2
File size 4096, offset 0, 4096 bytes to upload to address 0x10000000
File head
         aa aa aa aa aa aa aa aa aa aa aa aa aa aa aa aa  ................
         aa aa aa aa aa aa aa aa aa aa aa aa aa aa aa aa  ................
         aa aa aa aa aa aa aa aa aa aa aa aa aa aa aa aa  ................
         aa aa aa aa aa aa aa aa aa aa aa aa aa aa aa aa  ................
         aa aa aa aa aa aa aa aa aa aa aa aa aa aa aa aa  ................
         aa aa aa aa aa aa aa aa aa aa aa aa aa aa aa aa  ................
         aa aa aa aa aa aa aa aa aa aa aa aa aa aa aa aa  ................
         aa aa aa aa aa aa aa aa aa aa aa aa aa aa aa aa  ................
         aa aa aa aa aa aa aa aa aa aa aa aa aa aa aa aa  ................
         aa aa aa aa aa aa aa aa aa aa aa aa aa aa aa aa  ................
         aa aa aa aa aa aa aa aa aa aa aa aa aa aa aa aa  ................
         aa aa aa aa aa aa aa aa aa aa aa aa aa aa aa aa  ................
         aa aa aa aa aa aa aa aa aa aa aa aa aa aa aa aa  ................
         aa aa aa aa aa aa aa aa aa aa aa aa aa aa aa aa  ................
         aa aa aa aa aa aa aa aa aa aa aa aa aa aa aa aa  ................
         aa aa aa aa aa aa aa aa aa aa aa aa aa aa aa aa  ................
Size 4096
  ...................... - 4 K
Uploaded 4096 bytes in 0.118 s at 34711 Bps
Using RDP options window: 3, conn_timeout: 10000, packet_timeout: 5000, ack_timeout: 2000, ack_count: 2
No previous status file to resume from
Download 4096 bytes from 5431 addr 0x10000000 to /tmp/pre4k.bin with timeout 10000 version 2
  ...................... - 4 K
  Downloaded 4096 bytes in 0.123 s at 33300 Bps
 - 4 K
wrote 4096 bytes to /tmp/pre4k.bin
csp_loss: 50.0% loss on CAN0 (TX from this node)
csp_loss: independent per-transmission loss (seeded)
Using RDP options window: 3, conn_timeout: 10000, packet_timeout: 5000, ack_timeout: 2000, ack_count: 2
Upload from /tmp/tiny12.bin to node 5431 addr 0x10000000 with timeout 10000, version 2
File size 12, offset 0, 12 bytes to upload to address 0x10000000
File head
         88 be 37 04 b9 3f ff 70 d1 9a b4 f7 00 00 00 00  ..7..?.p........
         20 00 00 00 00 00 00 00 a1 03 00 00 00 00 00 00   ...............
         80 03 56 56 05 00 00 00 92 63 3d 82 70 08 f5 4f  ..VV.....c=.p..O
         60 91 da 89 35 7f 00 00 60 91 da 89 35 7f 00 00  `...5...`...5...
         b6 70 e1 b8 84 2a 6b 6e b0 ed da 89 35 7f 00 00  .p...*kn....5...
         b0 ed da 89 35 7f 00 00 6c 59 ba 25 0f 09 21 54  ....5...lY.%..!T
         30 ee da 89 35 7f 00 00 30 ee da 89 35 7f 00 00  0...5...0...5...
         43 72 d4 fd 06 a2 89 15 70 ee da 89 35 7f 00 00  Cr......p...5...
         70 ee da 89 35 7f 00 00 4f ee 28 8d cb be 33 33  p...5...O.(...33
         b0 ee da 89 35 7f 00 00 b0 ee da 89 35 7f 00 00  ....5.......5...
         47 4c ea 72 d4 b4 e8 c2 f0 ee da 89 35 7f 00 00  GL.r........5...
         f0 ee da 89 35 7f 00 00 f7 b2 40 62 5d fa f5 ab  ....5.....@b]...
         30 ef da 89 35 7f 00 00 30 ef da 89 35 7f 00 00  0...5...0...5...
         51 72 f0 27 de ca 86 26 70 ef da 89 35 7f 00 00  Qr.'...&p...5...
         70 ef da 89 35 7f 00 00 d2 5d 21 01 84 60 6b 0c  p...5....]!..`k.
         b0 ef da 89 35 7f 00 00 b0 ef da 89 35 7f 00 00  ....5.......5...
Size 12
  . - 0 K
Uploaded 12 bytes in 5.008 s at 2 Bps
csp_loss: active on CAN0 -- target 50.0%, mode independent
csp_loss: offered 6, dropped 3, delivered 3 (50.00% actual)
csp_loss: stopped on CAN0 -- offered 6, dropped 3 (50.00%)
Using RDP options window: 3, conn_timeout: 10000, packet_timeout: 5000, ack_timeout: 2000, ack_count: 2
No previous status file to resume from
Download 4096 bytes from 5431 addr 0x10000000 to /tmp/got4k.bin with timeout 10000 version 2
  ...................... - 4 K
  Downloaded 4096 bytes in 0.124 s at 33032 Bps
 - 4 K
wrote 4096 bytes to /tmp/got4k.bin
============ VERDICT (seed 7) ============
[1] PREFILL CLEAN : region was exactly 0xAA before the run
    file  : 88be3704b93fff70d19ab4f7
    region: 88be3704b93fff70d19ab4f7
[2] DELIVERED     : the 12 bytes arrived intact (this cell's packet survived)
    -> if the upload claimed success, that is CORRECT behaviour. Re-run
       with another seed to catch a cell where the packet is dropped.
sh: rc=0
================ SEED 8 ================
sh: rc=0
sh: rc=0
Using RDP options window: 3, conn_timeout: 10000, packet_timeout: 5000, ack_timeout: 2000, ack_count: 2
Upload from /tmp/sentinel_4k.bin to node 5431 addr 0x10000000 with timeout 10000, version 2
File size 4096, offset 0, 4096 bytes to upload to address 0x10000000
File head
         aa aa aa aa aa aa aa aa aa aa aa aa aa aa aa aa  ................
         aa aa aa aa aa aa aa aa aa aa aa aa aa aa aa aa  ................
         aa aa aa aa aa aa aa aa aa aa aa aa aa aa aa aa  ................
         aa aa aa aa aa aa aa aa aa aa aa aa aa aa aa aa  ................
         aa aa aa aa aa aa aa aa aa aa aa aa aa aa aa aa  ................
         aa aa aa aa aa aa aa aa aa aa aa aa aa aa aa aa  ................
         aa aa aa aa aa aa aa aa aa aa aa aa aa aa aa aa  ................
         aa aa aa aa aa aa aa aa aa aa aa aa aa aa aa aa  ................
         aa aa aa aa aa aa aa aa aa aa aa aa aa aa aa aa  ................
         aa aa aa aa aa aa aa aa aa aa aa aa aa aa aa aa  ................
         aa aa aa aa aa aa aa aa aa aa aa aa aa aa aa aa  ................
         aa aa aa aa aa aa aa aa aa aa aa aa aa aa aa aa  ................
         aa aa aa aa aa aa aa aa aa aa aa aa aa aa aa aa  ................
         aa aa aa aa aa aa aa aa aa aa aa aa aa aa aa aa  ................
         aa aa aa aa aa aa aa aa aa aa aa aa aa aa aa aa  ................
         aa aa aa aa aa aa aa aa aa aa aa aa aa aa aa aa  ................
Size 4096
  ...................... - 4 K
Uploaded 4096 bytes in 0.121 s at 33851 Bps
Using RDP options window: 3, conn_timeout: 10000, packet_timeout: 5000, ack_timeout: 2000, ack_count: 2
No previous status file to resume from
Download 4096 bytes from 5431 addr 0x10000000 to /tmp/pre4k.bin with timeout 10000 version 2
  ...................... - 4 K
  Downloaded 4096 bytes in 0.124 s at 33032 Bps
 - 4 K
wrote 4096 bytes to /tmp/pre4k.bin
csp_loss: 50.0% loss on CAN0 (TX from this node)
csp_loss: independent per-transmission loss (seeded)
Using RDP options window: 3, conn_timeout: 10000, packet_timeout: 5000, ack_timeout: 2000, ack_count: 2
Upload from /tmp/tiny12.bin to node 5431 addr 0x10000000 with timeout 10000, version 2
File size 12, offset 0, 12 bytes to upload to address 0x10000000
File head
         88 be 37 04 b9 3f ff 70 d1 9a b4 f7 00 00 00 00  ..7..?.p........
         20 00 00 00 00 00 00 00 a1 03 00 00 00 00 00 00   ...............
         80 03 56 56 05 00 00 00 92 63 3d 82 70 08 f5 4f  ..VV.....c=.p..O
         60 91 da 89 35 7f 00 00 60 91 da 89 35 7f 00 00  `...5...`...5...
         b6 70 e1 b8 84 2a 6b 6e b0 ed da 89 35 7f 00 00  .p...*kn....5...
         b0 ed da 89 35 7f 00 00 6c 59 ba 25 0f 09 21 54  ....5...lY.%..!T
         30 ee da 89 35 7f 00 00 30 ee da 89 35 7f 00 00  0...5...0...5...
         43 72 d4 fd 06 a2 89 15 70 ee da 89 35 7f 00 00  Cr......p...5...
         70 ee da 89 35 7f 00 00 4f ee 28 8d cb be 33 33  p...5...O.(...33
         b0 ee da 89 35 7f 00 00 b0 ee da 89 35 7f 00 00  ....5.......5...
         47 4c ea 72 d4 b4 e8 c2 f0 ee da 89 35 7f 00 00  GL.r........5...
         f0 ee da 89 35 7f 00 00 f7 b2 40 62 5d fa f5 ab  ....5.....@b]...
         30 ef da 89 35 7f 00 00 30 ef da 89 35 7f 00 00  0...5...0...5...
         51 72 f0 27 de ca 86 26 70 ef da 89 35 7f 00 00  Qr.'...&p...5...
         70 ef da 89 35 7f 00 00 d2 5d 21 01 84 60 6b 0c  p...5....]!..`k.
         b0 ef da 89 35 7f 00 00 b0 ef da 89 35 7f 00 00  ....5.......5...
Size 12
  . - 0 K
Uploaded 12 bytes in 5.009 s at 2 Bps
csp_loss: active on CAN0 -- target 50.0%, mode independent
csp_loss: offered 6, dropped 3, delivered 3 (50.00% actual)
csp_loss: stopped on CAN0 -- offered 6, dropped 3 (50.00%)
Using RDP options window: 3, conn_timeout: 10000, packet_timeout: 5000, ack_timeout: 2000, ack_count: 2
No previous status file to resume from
Download 4096 bytes from 5431 addr 0x10000000 to /tmp/got4k.bin with timeout 10000 version 2
  ...................... - 4 K
  Downloaded 4096 bytes in 0.125 s at 32768 Bps
 - 4 K
wrote 4096 bytes to /tmp/got4k.bin
============ VERDICT (seed 8) ============
[1] PREFILL CLEAN : region was exactly 0xAA before the run
    file  : 88be3704b93fff70d19ab4f7
    region: 88be3704b93fff70d19ab4f7
[2] DELIVERED     : the 12 bytes arrived intact (this cell's packet survived)
    -> if the upload claimed success, that is CORRECT behaviour. Re-run
       with another seed to catch a cell where the packet is dropped.
sh: rc=0
