== rerun sweep start seeds=[1 2 3 4 5 6 7 8] 2026-08-12T09:27:14Z ==
infra: brokers=2 receiver=1 (want brokers=2 receiver=1)
infra: bridge up (loss=0 seed=1)
-- infra up --
===== seed 1 09:27:21Z =====
  seed 1: claim=CLAIMED_SUCCESS region=INTACT first_bad=NA
===== seed 2 09:30:09Z =====
  seed 2: claim=CLAIMED_SUCCESS region=INTACT first_bad=NA
===== seed 3 09:33:07Z =====
  seed 3: claim=CLAIMED_SUCCESS region=INTACT first_bad=NA
===== seed 4 09:36:17Z =====
  seed 4: claim=CLAIMED_SUCCESS region=WRONG first_bad=261889
===== seed 5 09:40:43Z =====
  seed 5: claim=CLAIMED_SUCCESS region=INTACT first_bad=NA
===== seed 6 09:45:25Z =====
  seed 6: claim=CLAIMED_SUCCESS region=WRONG first_bad=261697
===== seed 7 09:52:10Z =====
  seed 7: claim=CLAIMED_SUCCESS region=INTACT first_bad=NA
===== seed 8 09:55:20Z =====
  seed 8: claim=CLAIMED_SUCCESS region=INTACT first_bad=NA
== done 2026-08-12T09:58:21Z ==
run     seed  claim            region  first_bad_byte  ts
rerun1  1     CLAIMED_SUCCESS  INTACT  NA              2026-08-12T09:30:09Z
rerun1  2     CLAIMED_SUCCESS  INTACT  NA              2026-08-12T09:33:07Z
rerun1  3     CLAIMED_SUCCESS  INTACT  NA              2026-08-12T09:36:17Z
rerun1  4     CLAIMED_SUCCESS  WRONG   261889          2026-08-12T09:40:43Z
rerun1  5     CLAIMED_SUCCESS  INTACT  NA              2026-08-12T09:45:25Z
rerun1  6     CLAIMED_SUCCESS  WRONG   261697          2026-08-12T09:52:10Z
rerun1  7     CLAIMED_SUCCESS  INTACT  NA              2026-08-12T09:55:20Z
rerun1  8     CLAIMED_SUCCESS  INTACT  NA              2026-08-12T09:58:19Z

silent-via-csh: 2  invalid: 0  total-cells: 8
