rdp-zmq-sweep: payload=262144B sha256=a93c3523ca04cfb6d2e630373d357b2d53ae72dc73946c3d5274866ca67b7f79
  losses=[0.20 0.30] nseeds=3 mtu=200 burst=4 hd_rate=0 vaddr=0x10000000
  csv=/home/mseo/thesis/csp-linksim/captures/rdp_zmq_verify.csv
[rdpz_p262144r0_L0.20_s1] claimed=DELIVERED sha=MATCH inj=2072 drop=460 harness=clean;dup_in=796
[rdpz_p262144r0_L0.20_s2] claimed=DELIVERED sha=MISMATCH inj=2121 drop=477 harness=clean;dup_in=803  *** SILENT CORRUPTION ***
[rdpz_p262144r0_L0.20_s3] claimed=DELIVERED sha=MISMATCH inj=2169 drop=460 harness=clean;dup_in=836  *** SILENT CORRUPTION ***
[rdpz_p262144r0_L0.30_s1] claimed=DELIVERED sha=MISMATCH inj=2459 drop=735 harness=clean;dup_in=970  *** SILENT CORRUPTION ***
[rdpz_p262144r0_L0.30_s2] claimed=DELIVERED sha=MISMATCH inj=2769 drop=941 harness=clean;dup_in=1117  *** SILENT CORRUPTION ***
[rdpz_p262144r0_L0.30_s3] claimed=DELIVERED sha=MATCH inj=2701 drop=857 harness=clean;dup_in=1090

=== /home/mseo/thesis/csp-linksim/captures/rdp_zmq_verify.csv ===
loss  seed  injected  dropped  claimed    sha       size    transport  harness            payload_sha256                                                    ts
0.20  1     2072      460      DELIVERED  MATCH     262144  zmq        clean;dup_in=796   a93c3523ca04cfb6d2e630373d357b2d53ae72dc73946c3d5274866ca67b7f79  2026-08-11T15:35:12Z
0.20  2     2121      477      DELIVERED  MISMATCH  262144  zmq        clean;dup_in=803   a93c3523ca04cfb6d2e630373d357b2d53ae72dc73946c3d5274866ca67b7f79  2026-08-11T15:37:47Z
0.20  3     2169      460      DELIVERED  MISMATCH  262144  zmq        clean;dup_in=836   a93c3523ca04cfb6d2e630373d357b2d53ae72dc73946c3d5274866ca67b7f79  2026-08-11T15:40:29Z
0.30  1     2459      735      DELIVERED  MISMATCH  262144  zmq        clean;dup_in=970   a93c3523ca04cfb6d2e630373d357b2d53ae72dc73946c3d5274866ca67b7f79  2026-08-11T15:44:03Z
0.30  2     2769      941      DELIVERED  MISMATCH  262144  zmq        clean;dup_in=1117  a93c3523ca04cfb6d2e630373d357b2d53ae72dc73946c3d5274866ca67b7f79  2026-08-11T15:48:29Z
0.30  3     2701      857      DELIVERED  MATCH     262144  zmq        clean;dup_in=1090  a93c3523ca04cfb6d2e630373d357b2d53ae72dc73946c3d5274866ca67b7f79  2026-08-11T15:52:30Z

--- completion (DELIVERED per cell) ---
6/6 DELIVERED
--- silent corruption (DELIVERED & sha MISMATCH, expect 0) ---
4
--- loud failures (FAILED, a correct outcome for this path) ---
0
