===== seed 1 =====
  seed 1: claim=CLAIMED_SUCCESS region=INTACT first_bad=NA
===== seed 3 =====
  seed 3: claim=CLAIMED_SUCCESS region=INTACT first_bad=NA

seed  claim            region  first_bad_byte  ts
1     CLAIMED_SUCCESS  INTACT  NA              2026-08-11T19:30:54Z
3     CLAIMED_SUCCESS  INTACT  NA              2026-08-11T19:33:49Z

silent-corruption cells via csh: 0 / 2
===== seed 6 =====
  seed 6: claim=CLAIMED_SUCCESS region=INVALID first_bad=NA
===== seed 7 =====
  seed 7: claim=CLAIMED_SUCCESS region=INVALID first_bad=NA
===== seed 8 =====
  seed 8: claim=CLAIMED_SUCCESS region=INVALID first_bad=NA

seed  claim            region   first_bad_byte  ts
1     CLAIMED_SUCCESS  INTACT   NA              2026-08-11T19:30:54Z
3     CLAIMED_SUCCESS  INTACT   NA              2026-08-11T19:33:49Z
6     CLAIMED_SUCCESS  INVALID  NA              2026-08-11T19:36:59Z
7     CLAIMED_SUCCESS  INVALID  NA              2026-08-11T19:39:54Z
8     CLAIMED_SUCCESS  INVALID  NA              2026-08-11T19:42:46Z

silent-corruption cells via csh: 0 / 5
