2026-08-26T12:47:48Z libcolor runs start: payload_libcolor.bin 365688 bytes @4800
2026-08-26T12:47:49Z START stock L0
[rdpcl_stock_L0_b0_s1] claimed=FAILED crc=MISMATCH sha=MISMATCH drops=0 -> LOUD_ABORT

== /home/mseo/thesis/csp-linksim/captures/rdp_libcolor_2026-08.csv ==
mode   loss  seed  burst  claimed  crc       sha       loss_drops  verdict     ts                    rate_bps  artifact              artifact_bytes
stock  0     1     0      FAILED   MISMATCH  MISMATCH  0           LOUD_ABORT  2026-08-26T12:49:34Z  4800      payload_libcolor.bin  365688
2026-08-26T12:49:37Z DONE  stock L0
2026-08-26T12:49:37Z START stock L0.30
[rdpcl_stock_L0.30_b0_s1] claimed=DELIVERED crc=SUCCESS sha=MATCH drops=1181 -> OK

== /home/mseo/thesis/csp-linksim/captures/rdp_libcolor_2026-08.csv ==
mode   loss  seed  burst  claimed    crc       sha       loss_drops  verdict     ts                    rate_bps  artifact              artifact_bytes
stock  0     1     0      FAILED     MISMATCH  MISMATCH  0           LOUD_ABORT  2026-08-26T12:49:34Z  4800      payload_libcolor.bin  365688
stock  0.30  1     0      DELIVERED  SUCCESS   MATCH     1181        OK          2026-08-26T13:46:31Z  4800      payload_libcolor.bin  365688
2026-08-26T13:46:34Z DONE  stock L0.30
2026-08-26T13:46:34Z START tuned L0.30
[rdpcl_tuned_L0.30_b0_s1] claimed=FAILED crc=MISMATCH sha=MISMATCH drops=2173 -> LOUD_ABORT

== /home/mseo/thesis/csp-linksim/captures/rdp_libcolor_2026-08.csv ==
mode   loss  seed  burst  claimed    crc       sha       loss_drops  verdict     ts                    rate_bps  artifact              artifact_bytes
stock  0     1     0      FAILED     MISMATCH  MISMATCH  0           LOUD_ABORT  2026-08-26T12:49:34Z  4800      payload_libcolor.bin  365688
stock  0.30  1     0      DELIVERED  SUCCESS   MATCH     1181        OK          2026-08-26T13:46:31Z  4800      payload_libcolor.bin  365688
tuned  0.30  1     0      FAILED     MISMATCH  MISMATCH  2173        LOUD_ABORT  2026-08-26T14:17:55Z  4800      payload_libcolor.bin  365688
2026-08-26T14:17:58Z DONE  tuned L0.30
2026-08-26T14:17:58Z libcolor runs finished
