2026-08-26T10:27:43Z E1 clear, starting E2
vmem_node already running at 5431
2026-08-26T10:27:58Z vmem_node 5431 up
2026-08-26T10:27:58Z START stock 0/0.10/0.30 x3 seeds @4800
[rdpcl_stock_L0_b0_s1] claimed=DELIVERED crc=SUCCESS sha=MATCH drops=0 -> OK
[rdpcl_stock_L0_b0_s2] claimed=DELIVERED crc=SUCCESS sha=MATCH drops=0 -> OK
[rdpcl_stock_L0_b0_s3] claimed=DELIVERED crc=SUCCESS sha=MATCH drops=0 -> OK
[rdpcl_stock_L0.10_b0_s1] claimed=DELIVERED crc=SUCCESS sha=MATCH drops=0 -> OK
[rdpcl_stock_L0.10_b0_s2] claimed=DELIVERED crc=SUCCESS sha=MATCH drops=0 -> OK
[rdpcl_stock_L0.10_b0_s3] claimed=DELIVERED crc=SUCCESS sha=MATCH drops=0 -> OK
[rdpcl_stock_L0.30_b0_s1] claimed=DELIVERED crc=SUCCESS sha=MATCH drops=0 -> OK
[rdpcl_stock_L0.30_b0_s2] claimed=DELIVERED crc=SUCCESS sha=MATCH drops=0 -> OK
[rdpcl_stock_L0.30_b0_s3] claimed=DELIVERED crc=SUCCESS sha=MATCH drops=0 -> OK

== /home/mseo/thesis/csp-linksim/captures/rdp_experiment_2026-08.csv ==
mode   loss  seed  burst  claimed    crc      sha    loss_drops  verdict  ts                    rate_bps  artifact               artifact_bytes
stock  0     1     0      DELIVERED  SUCCESS  MATCH  0           OK       2026-08-26T10:28:28Z  4800      payload_libjpegxl.bin  67256
stock  0     2     0      DELIVERED  SUCCESS  MATCH  0           OK       2026-08-26T10:29:05Z  4800      payload_libjpegxl.bin  67256
stock  0     3     0      DELIVERED  SUCCESS  MATCH  0           OK       2026-08-26T10:29:37Z  4800      payload_libjpegxl.bin  67256
stock  0.10  1     0      DELIVERED  SUCCESS  MATCH  0           OK       2026-08-26T10:30:09Z  4800      payload_libjpegxl.bin  67256
stock  0.10  2     0      DELIVERED  SUCCESS  MATCH  0           OK       2026-08-26T10:30:41Z  4800      payload_libjpegxl.bin  67256
stock  0.10  3     0      DELIVERED  SUCCESS  MATCH  0           OK       2026-08-26T10:31:14Z  4800      payload_libjpegxl.bin  67256
stock  0.30  1     0      DELIVERED  SUCCESS  MATCH  0           OK       2026-08-26T10:31:51Z  4800      payload_libjpegxl.bin  67256
stock  0.30  2     0      DELIVERED  SUCCESS  MATCH  0           OK       2026-08-26T10:32:23Z  4800      payload_libjpegxl.bin  67256
stock  0.30  3     0      DELIVERED  SUCCESS  MATCH  0           OK       2026-08-26T10:32:55Z  4800      payload_libjpegxl.bin  67256
2026-08-26T10:32:58Z DONE stock
2026-08-26T10:32:58Z START tuned 0.30 x1 seed @4800
[rdpcl_tuned_L0.30_b0_s1] claimed=DELIVERED crc=SUCCESS sha=MATCH drops=0 -> OK

== /home/mseo/thesis/csp-linksim/captures/rdp_experiment_2026-08.csv ==
mode   loss  seed  burst  claimed    crc      sha    loss_drops  verdict  ts                    rate_bps  artifact               artifact_bytes
stock  0     1     0      DELIVERED  SUCCESS  MATCH  0           OK       2026-08-26T10:28:28Z  4800      payload_libjpegxl.bin  67256
stock  0     2     0      DELIVERED  SUCCESS  MATCH  0           OK       2026-08-26T10:29:05Z  4800      payload_libjpegxl.bin  67256
stock  0     3     0      DELIVERED  SUCCESS  MATCH  0           OK       2026-08-26T10:29:37Z  4800      payload_libjpegxl.bin  67256
stock  0.10  1     0      DELIVERED  SUCCESS  MATCH  0           OK       2026-08-26T10:30:09Z  4800      payload_libjpegxl.bin  67256
stock  0.10  2     0      DELIVERED  SUCCESS  MATCH  0           OK       2026-08-26T10:30:41Z  4800      payload_libjpegxl.bin  67256
stock  0.10  3     0      DELIVERED  SUCCESS  MATCH  0           OK       2026-08-26T10:31:14Z  4800      payload_libjpegxl.bin  67256
stock  0.30  1     0      DELIVERED  SUCCESS  MATCH  0           OK       2026-08-26T10:31:51Z  4800      payload_libjpegxl.bin  67256
stock  0.30  2     0      DELIVERED  SUCCESS  MATCH  0           OK       2026-08-26T10:32:23Z  4800      payload_libjpegxl.bin  67256
stock  0.30  3     0      DELIVERED  SUCCESS  MATCH  0           OK       2026-08-26T10:32:55Z  4800      payload_libjpegxl.bin  67256
tuned  0.30  1     0      DELIVERED  SUCCESS  MATCH  0           OK       2026-08-26T10:33:28Z  4800      payload_libjpegxl.bin  67256
2026-08-26T10:56:55Z E1 clear, starting E2
vmem_node already running at 5431
2026-08-26T10:57:10Z vmem_node 5431 up
2026-08-26T10:57:10Z START stock 0/0.10/0.30 x3 seeds @4800
[rdpcl_stock_L0_b0_s1] claimed=DELIVERED crc=SUCCESS sha=MATCH drops=0 -> OK
[rdpcl_stock_L0_b0_s2] claimed=DELIVERED crc=SUCCESS sha=MATCH drops=0 -> OK
[rdpcl_stock_L0_b0_s3] claimed=DELIVERED crc=SUCCESS sha=MATCH drops=0 -> OK
[rdpcl_stock_L0.10_b0_s1] claimed=DELIVERED crc=SUCCESS sha=MATCH drops=35 -> OK
[rdpcl_stock_L0.10_b0_s2] claimed=DELIVERED crc=SUCCESS sha=MATCH drops=41 -> OK
[rdpcl_stock_L0.10_b0_s3] claimed=DELIVERED crc=SUCCESS sha=MATCH drops=54 -> OK
-- rdpcl_stock_L0.30_b0_s1 done, skip
[rdpcl_stock_L0.30_b0_s2] claimed=DELIVERED crc=SUCCESS sha=MATCH drops=186 -> OK
[rdpcl_stock_L0.30_b0_s3] claimed=DELIVERED crc=SUCCESS sha=MATCH drops=204 -> OK

== /home/mseo/thesis/csp-linksim/captures/rdp_experiment_2026-08.csv ==
mode   loss  seed  burst  claimed    crc      sha    loss_drops  verdict  ts                    rate_bps  artifact               artifact_bytes
stock  0.30  1     0      DELIVERED  SUCCESS  MATCH  197         OK       2026-08-26T10:55:50Z  4800      payload_libjpegxl.bin  67256
stock  0     1     0      DELIVERED  SUCCESS  MATCH  0           OK       2026-08-26T10:59:47Z  4800      payload_libjpegxl.bin  67256
stock  0     2     0      DELIVERED  SUCCESS  MATCH  0           OK       2026-08-26T11:02:21Z  4800      payload_libjpegxl.bin  67256
stock  0     3     0      DELIVERED  SUCCESS  MATCH  0           OK       2026-08-26T11:04:56Z  4800      payload_libjpegxl.bin  67256
stock  0.10  1     0      DELIVERED  SUCCESS  MATCH  35          OK       2026-08-26T11:09:20Z  4800      payload_libjpegxl.bin  67256
stock  0.10  2     0      DELIVERED  SUCCESS  MATCH  41          OK       2026-08-26T11:14:31Z  4800      payload_libjpegxl.bin  67256
stock  0.10  3     0      DELIVERED  SUCCESS  MATCH  54          OK       2026-08-26T11:19:58Z  4800      payload_libjpegxl.bin  67256
stock  0.30  2     0      DELIVERED  SUCCESS  MATCH  186         OK       2026-08-26T11:30:08Z  4800      payload_libjpegxl.bin  67256
stock  0.30  3     0      DELIVERED  SUCCESS  MATCH  204         OK       2026-08-26T11:40:37Z  4800      payload_libjpegxl.bin  67256
2026-08-26T11:40:40Z DONE stock
2026-08-26T11:40:40Z START tuned 0.30 x1 seed @4800
[rdpcl_tuned_L0.30_b0_s1] claimed=DELIVERED crc=SUCCESS sha=MATCH drops=527 -> OK

== /home/mseo/thesis/csp-linksim/captures/rdp_experiment_2026-08.csv ==
mode   loss  seed  burst  claimed    crc      sha    loss_drops  verdict  ts                    rate_bps  artifact               artifact_bytes
stock  0.30  1     0      DELIVERED  SUCCESS  MATCH  197         OK       2026-08-26T10:55:50Z  4800      payload_libjpegxl.bin  67256
stock  0     1     0      DELIVERED  SUCCESS  MATCH  0           OK       2026-08-26T10:59:47Z  4800      payload_libjpegxl.bin  67256
stock  0     2     0      DELIVERED  SUCCESS  MATCH  0           OK       2026-08-26T11:02:21Z  4800      payload_libjpegxl.bin  67256
stock  0     3     0      DELIVERED  SUCCESS  MATCH  0           OK       2026-08-26T11:04:56Z  4800      payload_libjpegxl.bin  67256
stock  0.10  1     0      DELIVERED  SUCCESS  MATCH  35          OK       2026-08-26T11:09:20Z  4800      payload_libjpegxl.bin  67256
stock  0.10  2     0      DELIVERED  SUCCESS  MATCH  41          OK       2026-08-26T11:14:31Z  4800      payload_libjpegxl.bin  67256
stock  0.10  3     0      DELIVERED  SUCCESS  MATCH  54          OK       2026-08-26T11:19:58Z  4800      payload_libjpegxl.bin  67256
stock  0.30  2     0      DELIVERED  SUCCESS  MATCH  186         OK       2026-08-26T11:30:08Z  4800      payload_libjpegxl.bin  67256
stock  0.30  3     0      DELIVERED  SUCCESS  MATCH  204         OK       2026-08-26T11:40:37Z  4800      payload_libjpegxl.bin  67256
tuned  0.30  1     0      DELIVERED  SUCCESS  MATCH  527         OK       2026-08-26T11:47:13Z  4800      payload_libjpegxl.bin  67256
2026-08-26T11:47:16Z DONE tuned
2026-08-26T11:47:16Z E2 finished
