[dtp_L0_s2] injector armed:
    csp_loss: bus check clean (1 ground server, no competing injector)
    csp_loss: 0.0% loss on CAN0 (TX from this node)
    csp_loss: pacing egress at 4800 bit/s (frames held for airtime)
    bridge: ZMQ0(ingress) <-> CAN0(egress) active; split-horizon on source 5426.
[dtp_L0_s2] on-board client up
[dtp_L0_s2] transfer triggered, draining at 4800 bit/s (~117s); waiting 177s
    t+60s / 177s
    t+120s / 177s
    t+180s / 177s
[dtp_L0_s2] ---------------- verdict ----------------
    injected loss : 0 (seed 2), paced 4800 bit/s
    csp_loss: offered 269, dropped 0, delivered 269 (0.00% actual)
    bridge dedup  : 0 frame(s) dropped as duplicates
    source md5    : a2414c4e3ad4a586304c838e2b743bd1
    board md5     : a2414c4e3ad4a586304c838e2b743bd1
    board bytes   : 67256 (want 67256)
    VERDICT       : MATCH -- delivered intact
/home/mseo/thesis/csp-linksim/scripts/dtp-experiment: line 82: 3753605 Killed                  setsid nohup script -qec "$CSH -i $BR_INIT" /dev/null < /dev/null > "$BR_LOG" 2>&1
/home/mseo/thesis/csp-linksim/scripts/dtp-experiment: line 82: 3753998 Killed                  setsid nohup script -qec "$CSH -i $TG_INIT" /dev/null < /dev/null > "$TG_LOG" 2>&1
