2026-08-26T09:15:49Z START dtp_L0_s3 (loss=0 seed=3 rate=4800)
2026-08-26T09:19:36Z DONE  dtp_L0_s3 -> MATCH (offered 269, dropped 0)
2026-08-26T09:19:36Z START dtp_L0.10_s1 (loss=0.10 seed=1 rate=4800)
2026-08-26T09:23:23Z DONE  dtp_L0.10_s1 -> MISMATCH (offered 269, dropped 20)
2026-08-26T09:23:23Z START dtp_L0.10_s2 (loss=0.10 seed=2 rate=4800)
2026-08-26T09:27:10Z DONE  dtp_L0.10_s2 -> MISMATCH (offered 269, dropped 20)
2026-08-26T09:27:11Z START dtp_L0.10_s3 (loss=0.10 seed=3 rate=4800)
2026-08-26T09:30:57Z DONE  dtp_L0.10_s3 -> UNVERIFIED (offered 269, dropped 20)
2026-08-26T09:30:58Z START dtp_L0.30_s1 (loss=0.30 seed=1 rate=4800)
2026-08-26T09:53:35Z START dtp_L0_s1 (loss=0 seed=1 rate=4800)
2026-08-26T09:57:21Z DONE  dtp_L0_s1 -> MATCH (offered 269, dropped 0)
2026-08-26T09:57:22Z START dtp_L0_s2 (loss=0 seed=2 rate=4800)
2026-08-26T10:01:09Z DONE  dtp_L0_s2 -> MATCH (offered 269, dropped 0)
2026-08-26T10:01:09Z START dtp_L0_s3 (loss=0 seed=3 rate=4800)
2026-08-26T10:04:56Z DONE  dtp_L0_s3 -> MATCH (offered 269, dropped 0)
2026-08-26T10:04:56Z START dtp_L0.10_s1 (loss=0.10 seed=1 rate=4800)
2026-08-26T10:08:43Z DONE  dtp_L0.10_s1 -> INVALID_OFFERED_276_want_269 (offered 276, dropped 24)
2026-08-26T10:08:43Z START dtp_L0.10_s2 (loss=0.10 seed=2 rate=4800)
2026-08-26T10:12:30Z DONE  dtp_L0.10_s2 -> INVALID_OFFERED_276_want_269 (offered 276, dropped 24)
2026-08-26T10:12:30Z START dtp_L0.10_s3 (loss=0.10 seed=3 rate=4800)
2026-08-26T10:16:17Z DONE  dtp_L0.10_s3 -> INVALID_OFFERED_276_want_269 (offered 276, dropped 24)
2026-08-26T10:16:17Z START dtp_L0.30_s1 (loss=0.30 seed=1 rate=4800)
2026-08-26T10:20:04Z DONE  dtp_L0.30_s1 -> INVALID_OFFERED_277_want_269 (offered 277, dropped 71)
2026-08-26T10:20:04Z START dtp_L0.30_s2 (loss=0.30 seed=2 rate=4800)
2026-08-26T10:23:51Z DONE  dtp_L0.30_s2 -> INVALID_OFFERED_277_want_269 (offered 277, dropped 71)
2026-08-26T10:23:51Z START dtp_L0.30_s3 (loss=0.30 seed=3 rate=4800)
2026-08-26T10:27:38Z DONE  dtp_L0.30_s3 -> INVALID_OFFERED_277_want_269 (offered 277, dropped 71)
2026-08-26T10:27:38Z runner finished
