2026-08-19T18:44:41Z cell start naive_L0.05_s3_r4800p dest=/home/root/sd_xf_naive_L0.05_s3_r4800p.bin
2026-08-19T18:45:01Z pass 1 attempt 1 pseed=3010
2026-08-19T18:52:23Z pass 1 done injected=986 dropped=41 deployed=0
2026-08-19T18:52:23Z pass 2 attempt 2 pseed=3020
2026-08-19T19:00:14Z pass 2 done injected=1058 dropped=52 deployed=0
2026-08-19T19:00:14Z pass 3 attempt 3 pseed=3030
2026-08-19T19:08:06Z pass 3 done injected=1058 dropped=34 deployed=0
2026-08-19T19:08:06Z pass 4 attempt 4 pseed=3040
2026-08-19T19:15:56Z pass 4 done injected=1058 dropped=40 deployed=0
2026-08-19T19:15:56Z pass 5 attempt 5 pseed=3050
2026-08-19T19:23:47Z pass 5 done injected=1058 dropped=44 deployed=0
2026-08-19T19:23:47Z pass 6 attempt 6 pseed=3060
2026-08-19T19:31:05Z pass 6 done injected=986 dropped=34 deployed=0
2026-08-19T19:31:05Z pass 7 attempt 7 pseed=3070
2026-08-19T19:38:54Z pass 7 done injected=1058 dropped=39 deployed=0
2026-08-19T19:38:54Z pass 8 attempt 8 pseed=3080
2026-08-19T19:46:44Z pass 8 done injected=1058 dropped=49 deployed=0
2026-08-19T19:46:44Z pass 9 attempt 9 pseed=3090
2026-08-19T19:54:36Z pass 9 done injected=1058 dropped=45 deployed=0
2026-08-19T19:54:36Z pass 10 attempt 10 pseed=3100
2026-08-19T20:02:29Z pass 10 done injected=1058 dropped=17 deployed=0
2026-08-19T20:02:29Z pass 11 attempt 11 pseed=3110
2026-08-19T20:10:19Z pass 11 done injected=1058 dropped=64 deployed=0
2026-08-19T20:10:19Z pass 12 attempt 12 pseed=3120
2026-08-19T20:18:09Z pass 12 done injected=1058 dropped=56 deployed=0
EXTVERDICT=FAIL_ABSENT reason=- sha=- bytes=- probes=3
2026-08-19T20:18:19Z preventive agent refresh after 8 measured cells
2026-08-19T20:18:46Z agent refresh done
