2026-08-17T22:26:27Z cell start naive_L0_s3_r4800 dest=/home/root/sd_xf_naive_L0_s3_r4800.bin
2026-08-17T22:26:51Z warn: uptime unreadable at cell start (BOARD_RESET check disarmed)
2026-08-17T22:26:51Z pass 1 attempt 1 pseed=3010
2026-08-17T22:32:57Z pass 1 done injected=825 dropped=0 deployed=0
2026-08-17T22:32:57Z pass 2 attempt 2 pseed=3020
2026-08-17T22:39:03Z pass 2 done injected=825 dropped=0 deployed=0
2026-08-17T22:39:03Z pass 3 attempt 3 pseed=3030
2026-08-17T22:45:09Z pass 3 done injected=825 dropped=0 deployed=0
2026-08-17T22:45:09Z pass 4 attempt 4 pseed=3040
2026-08-17T22:51:15Z pass 4 done injected=825 dropped=0 deployed=0
2026-08-17T22:51:15Z pass 5 attempt 5 pseed=3050
2026-08-17T22:57:21Z pass 5 done injected=825 dropped=0 deployed=0
2026-08-17T22:57:21Z pass 6 attempt 6 pseed=3060
2026-08-17T23:03:27Z pass 6 done injected=825 dropped=0 deployed=0
2026-08-17T23:03:27Z pass 7 attempt 7 pseed=3070
2026-08-17T23:09:33Z pass 7 done injected=825 dropped=0 deployed=0
2026-08-17T23:09:33Z pass 8 attempt 8 pseed=3080
2026-08-17T23:15:39Z pass 8 done injected=825 dropped=0 deployed=0
2026-08-17T23:15:39Z pass 9 attempt 9 pseed=3090
2026-08-17T23:21:45Z pass 9 done injected=825 dropped=0 deployed=0
2026-08-17T23:21:45Z pass 10 attempt 10 pseed=3100
2026-08-17T23:27:50Z pass 10 done injected=825 dropped=0 deployed=0
2026-08-17T23:27:50Z pass 11 attempt 11 pseed=3110
2026-08-17T23:33:56Z pass 11 done injected=825 dropped=0 deployed=0
2026-08-17T23:33:56Z pass 12 attempt 12 pseed=3120
2026-08-17T23:40:02Z pass 12 done injected=825 dropped=0 deployed=0
EXTVERDICT=FAIL_ABSENT reason=- sha=- bytes=- probes=2
