[33m
  ***********************
  **     CSP   Shell   **
  ***********************

[32m  Copyright (c) 2016-2025 Space Inventor A/S <info@space-inventor.com>
  Compiled: Aug  6 2026 git: a7a27df

[0m[34m  Init file: /tmp/tmp.hKA89TYF53.csh[0m
  Version 2
  Hostname: disco-dev-w540
  Model: #180-Ubuntu SMP Fri Jan 9 16:10:31 UTC 2026
  Revision: 5.15.0-170-generic
  Deduplication: 3
  ZMQ init ZMQ0: addr: 5425, pub(tx): [tcp://127.0.0.1:6000], sub(rx): [tcp://127.0.0.1:7000]
[32mLoaded: /tmp/tmp.2xRbNb5Wvx/apm/libcsh_satdeploy_apm.so[0m
checking node 5427...
No response from agent (timeout or error).
  Is the agent running on node 5427? Try: satdeploy status -n 5427
  On a lossy link the request packet itself can be lost -- retry.
Aborting: no reply to the pre-flight check on node 5427.
          Pass -F to push anyway without checking.
