2026-08-17T19:07:42Z cell start naive_L0.30_s3 dest=/home/root/sd_xf_naive_L0.30_s3.bin
2026-08-17T19:08:07Z warn: uptime unreadable at cell start (BOARD_RESET check disarmed)
2026-08-17T19:08:07Z pass 1 attempt 1 pseed=3010
2026-08-17T19:12:10Z pass 1 done injected=1058 dropped=343 deployed=0
2026-08-17T19:12:10Z pass 2 attempt 2 pseed=3020
2026-08-17T19:16:13Z pass 2 done injected=1058 dropped=309 deployed=0
2026-08-17T19:16:13Z pass 3 attempt 3 pseed=3030
2026-08-17T19:20:16Z pass 3 done injected=1058 dropped=321 deployed=0
2026-08-17T19:20:16Z pass 4 attempt 4 pseed=3040
2026-08-17T19:24:19Z pass 4 done injected=1058 dropped=290 deployed=0
2026-08-17T19:24:19Z pass 5 attempt 5 pseed=3050
2026-08-17T19:28:21Z pass 5 done injected=1058 dropped=280 deployed=0
2026-08-17T19:28:21Z pass 6 attempt 6 pseed=3060
2026-08-17T19:32:24Z pass 6 done injected=1058 dropped=296 deployed=0
2026-08-17T19:32:24Z pass 7 attempt 7 pseed=3070
2026-08-17T19:36:25Z pass 7 done injected=1058 dropped=278 deployed=0
2026-08-17T19:36:25Z pass 8 attempt 8 pseed=3080
2026-08-17T19:40:24Z pass 8 done injected=1058 dropped=319 deployed=0
2026-08-17T19:40:24Z pass 9 attempt 9 pseed=3090
2026-08-17T19:44:27Z pass 9 done injected=1058 dropped=333 deployed=0
2026-08-17T19:44:27Z pass 10 attempt 10 pseed=3100
2026-08-17T19:48:26Z pass 10 done injected=1058 dropped=318 deployed=0
2026-08-17T19:48:26Z pass 11 attempt 11 pseed=3110
2026-08-17T19:52:30Z pass 11 done injected=1058 dropped=350 deployed=0
2026-08-17T19:52:30Z pass 12 attempt 12 pseed=3120
2026-08-17T19:56:33Z pass 12 done injected=1058 dropped=305 deployed=0
EXTVERDICT=INVALID reason=CONSOLE_UNVERIFIED sha=- bytes=- probes=6
